// Jest Snapshot v1, https://goo.gl/fbAQLP

exports[`Answer 1`] = `
Array [
  <div
    className="sc-fzplWN hsXBhy"
  >
    <div
      className="sc-fznyAO kaXgpD"
    >
      10
      <br />
      <div
        className="sc-fznKkj jDnUFy"
      >
        seconds
      </div>
    </div>
  </div>,
  <div
    className="MuiFormControl-root MuiTextField-root"
    data-testid="answer-input"
    onKeyPress={[Function]}
  >
    <label
      className="MuiFormLabel-root MuiInputLabel-root MuiInputLabel-formControl MuiInputLabel-animated MuiInputLabel-outlined"
      data-shrink={false}
    >
      Введите запомненные числа
    </label>
    <div
      className="MuiInputBase-root MuiOutlinedInput-root MuiInputBase-formControl"
      onClick={[Function]}
    >
      <input
        aria-invalid={false}
        autoFocus={true}
        className="MuiInputBase-input MuiOutlinedInput-input"
        disabled={false}
        onAnimationStart={[Function]}
        onBlur={[Function]}
        onChange={[Function]}
        onFocus={[Function]}
        required={false}
        type="text"
        value=""
      />
      <fieldset
        aria-hidden={true}
        className="PrivateNotchedOutline-root-5 MuiOutlinedInput-notchedOutline"
      >
        <legend
          className="PrivateNotchedOutline-legendLabelled-7"
        >
          <span>
            Введите запомненные числа
          </span>
        </legend>
      </fieldset>
    </div>
    <p
      className="MuiFormHelperText-root MuiFormHelperText-contained"
    >
      Введите в любой последовательности и нажмите Enter либо кнопку справа
    </p>
  </div>,
  <button
    className="MuiButtonBase-root MuiButton-root MuiButton-contained MuiButton-containedPrimary"
    data-testid="answer-complete-button"
    disabled={false}
    onBlur={[Function]}
    onClick={[Function]}
    onDragLeave={[Function]}
    onFocus={[Function]}
    onKeyDown={[Function]}
    onKeyUp={[Function]}
    onMouseDown={[Function]}
    onMouseLeave={[Function]}
    onMouseUp={[Function]}
    onTouchEnd={[Function]}
    onTouchMove={[Function]}
    onTouchStart={[Function]}
    tabIndex={0}
    type="button"
  >
    <span
      className="MuiButton-label"
    >
      <svg
        aria-hidden={true}
        className="MuiSvgIcon-root"
        focusable="false"
        viewBox="0 0 24 24"
      >
        <path
          d="M9 16.17L4.83 12l-1.42 1.41L9 19 21 7l-1.41-1.41z"
        />
      </svg>
    </span>
    <span
      className="MuiTouchRipple-root"
    />
  </button>,
]
`;
